> Task :app:checkKotlinGradlePluginConfigurationErrors
> Task :app:preBuild UP-TO-DATE
> Task :app:preDebugBuild UP-TO-DATE
> Task :app:checkDebugAarMetadata UP-TO-DATE
> Task :app:generateDebugResValues UP-TO-DATE
> Task :app:mapDebugSourceSetPaths UP-TO-DATE
> Task :app:generateDebugResources UP-TO-DATE
> Task :app:mergeDebugResources UP-TO-DATE
> Task :app:packageDebugResources UP-TO-DATE
> Task :app:parseDebugLocalResources UP-TO-DATE
> Task :app:createDebugCompatibleScreenManifests UP-TO-DATE
> Task :app:extractDeepLinksDebug UP-TO-DATE
> Task :app:processDebugMainManifest UP-TO-DATE
> Task :app:processDebugManifest UP-TO-DATE
> Task :app:processDebugManifestForPackage UP-TO-DATE
> Task :app:processDebugResources UP-TO-DATE
> Task :app:kaptGenerateStubsDebugKotlin UP-TO-DATE
> Task :app:kaptDebugKotlin UP-TO-DATE

> Task :app:compileDebugKotlin FAILED
.\gradlew : e: file:///C:/Users/jerin/.gemini/antigravity/scratch/StockMarketSim/app/src/main/java/c
om/example/stockmarketsim/MainActivity.kt:61:44 Unresolved reference: remember
At line:1 char:1
+ .\gradlew compileDebugKotlin 2>&1 | Tee-Object -FilePath "C:\Users\je ...
+ ~~~~~~~~~~~~~~~~~~~~~~~~~~~~~~~~~
    + CategoryInfo          : NotSpecified: (e: file:///C:/U...rence: remember:String) [], RemoteEx 
   ception
    + FullyQualifiedErrorId : NativeCommandError
 
e: file:///C:/Users/jerin/.gemini/antigravity/scratch/StockMarketSim/app/src/main/java/com/example/s
tockmarketsim/MainActivity.kt:61:55 Unresolved reference: mutableStateOf
e: file:///C:/Users/jerin/.gemini/antigravity/scratch/StockMarketSim/app/src/main/java/com/example/s
tockmarketsim/MainActivity.kt:64:70 Unresolved reference: currentBackStackEntryAsState
e: file:///C:/Users/jerin/.gemini/antigravity/scratch/StockMarketSim/app/src/main/java/com/example/s
tockmarketsim/MainActivity.kt:99:60 Unresolved reference: NavigationBarItem
e: file:///C:/Users/jerin/.gemini/antigravity/scratch/StockMarketSim/app/src/main/java/com/example/s
tockmarketsim/MainActivity.kt:106:73 None of the following functions can be called with the 
arguments supplied: 
public fun Icon(bitmap: ImageBitmap, contentDescription: String?, modifier: Modifier = ..., tint: 
Color = ...): Unit defined in androidx.compose.material3
public fun Icon(painter: Painter, contentDescription: String?, modifier: Modifier = ..., tint: 
Color = ...): Unit defined in androidx.compose.material3
public fun Icon(imageVector: ImageVector, contentDescription: String?, modifier: Modifier = ..., 
tint: Color = ...): Unit defined in androidx.compose.material3
e: file:///C:/Users/jerin/.gemini/antigravity/scratch/StockMarketSim/app/src/main/java/com/example/s
tockmarketsim/MainActivity.kt:106:139 Unresolved reference: Home
e: file:///C:/Users/jerin/.gemini/antigravity/scratch/StockMarketSim/app/src/main/java/com/example/s
tockmarketsim/MainActivity.kt:106:196 Unresolved reference: Home
e: file:///C:/Users/jerin/.gemini/antigravity/scratch/StockMarketSim/app/src/main/java/com/example/s
tockmarketsim/MainActivity.kt:107:74 @Composable invocations can only happen from the context of a 
@Composable function
e: file:///C:/Users/jerin/.gemini/antigravity/scratch/StockMarketSim/app/src/main/java/com/example/s
tockmarketsim/MainActivity.kt:113:60 Unresolved reference: NavigationBarItem
e: file:///C:/Users/jerin/.gemini/antigravity/scratch/StockMarketSim/app/src/main/java/com/example/s
tockmarketsim/MainActivity.kt:117:68 Cannot infer a type for this parameter. Please specify it 
explicitly.
e: file:///C:/Users/jerin/.gemini/antigravity/scratch/StockMarketSim/app/src/main/java/com/example/s
tockmarketsim/MainActivity.kt:123:73 None of the following functions can be called with the 
arguments supplied: 
public fun Icon(bitmap: ImageBitmap, contentDescription: String?, modifier: Modifier = ..., tint: 
Color = ...): Unit defined in androidx.compose.material3
public fun Icon(painter: Painter, contentDescription: String?, modifier: Modifier = ..., tint: 
Color = ...): Unit defined in androidx.compose.material3
public fun Icon(imageVector: ImageVector, contentDescription: String?, modifier: Modifier = ..., 
tint: Color = ...): Unit defined in androidx.compose.material3
e: file:///C:/Users/jerin/.gemini/antigravity/scratch/StockMarketSim/app/src/main/java/com/example/s
tockmarketsim/MainActivity.kt:123:136 Unresolved reference: Info
e: file:///C:/Users/jerin/.gemini/antigravity/scratch/StockMarketSim/app/src/main/java/com/example/s
tockmarketsim/MainActivity.kt:123:193 Unresolved reference: Info
e: file:///C:/Users/jerin/.gemini/antigravity/scratch/StockMarketSim/app/src/main/java/com/example/s
tockmarketsim/MainActivity.kt:124:74 @Composable invocations can only happen from the context of a 
@Composable function
e: file:///C:/Users/jerin/.gemini/antigravity/scratch/StockMarketSim/app/src/main/java/com/example/s
tockmarketsim/MainActivity.kt:130:60 Unresolved reference: NavigationBarItem
e: file:///C:/Users/jerin/.gemini/antigravity/scratch/StockMarketSim/app/src/main/java/com/example/s
tockmarketsim/MainActivity.kt:134:68 Cannot infer a type for this parameter. Please specify it 
explicitly.
e: file:///C:/Users/jerin/.gemini/antigravity/scratch/StockMarketSim/app/src/main/java/com/example/s
tockmarketsim/MainActivity.kt:140:73 None of the following functions can be called with the 
arguments supplied: 
public fun Icon(bitmap: ImageBitmap, contentDescription: String?, modifier: Modifier = ..., tint: 
Color = ...): Unit defined in androidx.compose.material3
public fun Icon(painter: Painter, contentDescription: String?, modifier: Modifier = ..., tint: 
Color = ...): Unit defined in androidx.compose.material3
public fun Icon(imageVector: ImageVector, contentDescription: String?, modifier: Modifier = ..., 
tint: Color = ...): Unit defined in androidx.compose.material3
e: file:///C:/Users/jerin/.gemini/antigravity/scratch/StockMarketSim/app/src/main/java/com/example/s
tockmarketsim/MainActivity.kt:140:134 Unresolved reference: List
e: file:///C:/Users/jerin/.gemini/antigravity/scratch/StockMarketSim/app/src/main/java/com/example/s
tockmarketsim/MainActivity.kt:140:191 Unresolved reference: List
e: file:///C:/Users/jerin/.gemini/antigravity/scratch/StockMarketSim/app/src/main/java/com/example/s
tockmarketsim/MainActivity.kt:141:74 @Composable invocations can only happen from the context of a 
@Composable function
e: file:///C:/Users/jerin/.gemini/antigravity/scratch/StockMarketSim/app/src/main/java/com/example/s
tockmarketsim/MainActivity.kt:146:60 Unresolved reference: NavigationBarItem
e: file:///C:/Users/jerin/.gemini/antigravity/scratch/StockMarketSim/app/src/main/java/com/example/s
tockmarketsim/MainActivity.kt:153:73 None of the following functions can be called with the 
arguments supplied: 
public fun Icon(bitmap: ImageBitmap, contentDescription: String?, modifier: Modifier = ..., tint: 
Color = ...): Unit defined in androidx.compose.material3
public fun Icon(painter: Painter, contentDescription: String?, modifier: Modifier = ..., tint: 
Color = ...): Unit defined in androidx.compose.material3
public fun Icon(imageVector: ImageVector, contentDescription: String?, modifier: Modifier = ..., 
tint: Color = ...): Unit defined in androidx.compose.material3
e: file:///C:/Users/jerin/.gemini/antigravity/scratch/StockMarketSim/app/src/main/java/com/example/s
tockmarketsim/MainActivity.kt:153:138 Unresolved reference: Settings
e: file:///C:/Users/jerin/.gemini/antigravity/scratch/StockMarketSim/app/src/main/java/com/example/s
tockmarketsim/MainActivity.kt:153:199 Unresolved reference: Settings
e: file:///C:/Users/jerin/.gemini/antigravity/scratch/StockMarketSim/app/src/main/java/com/example/s
tockmarketsim/MainActivity.kt:154:74 @Composable invocations can only happen from the context of a 
@Composable function
e: file:///C:/Users/jerin/.gemini/antigravity/scratch/StockMarketSim/app/src/main/java/com/example/s
tockmarketsim/MainActivity.kt:164:59 Unresolved reference: padding

FAILURE: Build failed with an exception.

* What went wrong:
Execution failed for task ':app:compileDebugKotlin'.
> A failure occurred while executing 
org.jetbrains.kotlin.compilerRunner.GradleCompilerRunnerWithWorkers$GradleKotlinCompilerWorkAction
   > Compilation error. See log for more details

* Try:
> Run with --stacktrace option to get the stack trace.
> Run with --info or --debug option to get more log output.
> Run with --scan to get full insights.
> Get more help at https://help.gradle.org.

BUILD FAILED in 3s
17 actionable tasks: 2 executed, 15 up-to-date
