Starting a Gradle Daemon, 2 stopped Daemons could not be reused, use --status for details
> Task :app:checkKotlinGradlePluginConfigurationErrors
> Task :app:preBuild UP-TO-DATE
> Task :app:preDebugBuild UP-TO-DATE
> Task :app:checkDebugAarMetadata UP-TO-DATE
> Task :app:generateDebugResValues UP-TO-DATE
> Task :app:mapDebugSourceSetPaths UP-TO-DATE
> Task :app:generateDebugResources UP-TO-DATE
> Task :app:mergeDebugResources UP-TO-DATE
> Task :app:packageDebugResources UP-TO-DATE
> Task :app:parseDebugLocalResources UP-TO-DATE
> Task :app:createDebugCompatibleScreenManifests UP-TO-DATE
> Task :app:extractDeepLinksDebug UP-TO-DATE
> Task :app:processDebugMainManifest UP-TO-DATE
> Task :app:processDebugManifest UP-TO-DATE
> Task :app:processDebugManifestForPackage UP-TO-DATE
> Task :app:processDebugResources UP-TO-DATE
> Task :app:kaptGenerateStubsDebugKotlin
> Task :app:kaptDebugKotlin UP-TO-DATE

> Task :app:compileDebugKotlin
w: file:///C:/Users/jerin/.gemini/antigravity/scratch/StockMarketSim/app/src/main/java/com/example/stockmarketsim/domain/usecase/RunDailySimulationUseCase.kt:132:30 Variable 'strategyId' initializer is redundant
w: file:///C:/Users/jerin/.gemini/antigravity/scratch/StockMarketSim/app/src/main/java/com/example/stockmarketsim/domain/usecase/RunDailySimulationUseCase.kt:179:21 The value 'updatedSim.strategyId' assigned to 'var strategyId: String defined in com.example.stockmarketsim.domain.usecase.RunDailySimulationUseCase.invoke' is never used
w: file:///C:/Users/jerin/.gemini/antigravity/scratch/StockMarketSim/app/src/main/java/com/example/stockmarketsim/domain/usecase/RunDailySimulationUseCase.kt:197:17 Variable 'currentPortfolioSnapshot' is never used
w: file:///C:/Users/jerin/.gemini/antigravity/scratch/StockMarketSim/app/src/main/java/com/example/stockmarketsim/domain/usecase/RunDailySimulationUseCase.kt:455:17 Name shadowed: reason
w: file:///C:/Users/jerin/.gemini/antigravity/scratch/StockMarketSim/app/src/main/java/com/example/stockmarketsim/domain/usecase/RunDailySimulationUseCase.kt:455:39 Elvis operator (?:) always returns the left operand of non-nullable type String
w: file:///C:/Users/jerin/.gemini/antigravity/scratch/StockMarketSim/app/src/main/java/com/example/stockmarketsim/domain/usecase/RunDailySimulationUseCase.kt:507:56 No cast needed
w: file:///C:/Users/jerin/.gemini/antigravity/scratch/StockMarketSim/app/src/main/java/com/example/stockmarketsim/domain/usecase/RunDailySimulationUseCase.kt:516:56 No cast needed

BUILD SUCCESSFUL in 29s
17 actionable tasks: 3 executed, 14 up-to-date
